***** External Functions *****
1    AddFontRegistrationToLog                           isrt.obl(Misc.obs)
2    AppSearch                                          isrt.obl(Driver.obs)
3    CCPSearch                                          isrt.obl(Driver.obs)
4    ChangeDirectory                                    isrt.obl(Files.obs)
5    CloseFile                                          isrt.obl(Files.obs)
6    CmdGetHwndDlg                                      isrt.obl(CustomDialog.obs)
7    ComponentAddFileToLog                              isrt.obl(component.obs)
8    ComponentCompareSizeRequired                       isrt.obl(component.obs)
9    ComponentGetData                                   isrt.obl(component.obs)
10   ComponentGetTotalCost                              isrt.obl(component.obs)
11   ComponentIsItemSelected                            isrt.obl(component.obs)
12   ComponentListItems                                 isrt.obl(component.obs)
13   ComponentSelectItem                                isrt.obl(component.obs)
14   ComponentTreeInit                                  isrt.obl(Dialogs.obs)
15   CreateDir                                          isrt.obl(Files.obs)
16   CreateFile                                         isrt.obl(Files.obs)
17   CreateInstallationInfo                             isrt.obl(Registry.obs)
18   CreateRegistrySet                                  isrt.obl(Feature.obs)
19   CtrlGetNotificationCode                            isrt.obl(CustomDialog.obs)
20   CtrlGetState                                       isrt.obl(CustomDialog.obs)
21   CtrlGetSubCommand                                  isrt.obl(CustomDialog.obs)
22   CtrlGetText                                        isrt.obl(CustomDialog.obs)
23   CtrlSelectText                                     isrt.obl(CustomDialog.obs)
24   CtrlSetMLEText                                     isrt.obl(CustomDialog.obs)
25   CtrlSetState                                       isrt.obl(CustomDialog.obs)
26   CtrlSetText                                        isrt.obl(CustomDialog.obs)
27   DIFxDriverPackageUninstall                         isrt.obl(ISDIFx.obs)
28   DRMINSTALLERPRO.DRMInstallPRO                      isrt.obl(Activation.obs)
29   DRMINSTALLERPRO.DRMUnInstallPRO                    isrt.obl(Activation.obs)
30   DefineDialog                                       isrt.obl(CustomDialog.obs)
31   Delay                                              isrt.obl(Misc.obs)
32   DeleteDir                                          isrt.obl(Files.obs)
33   DeleteFile                                         isrt.obl(Files.obs)
34   DeleteSingleFile                                   isrt.obl(Files.obs)
35   DialogSetDefaultFont                               isrt.obl(Dialogs.obs)
36   DialogSetFont                                      isrt.obl(Dialogs.obs)
37   DialogSetInfo                                      isrt.obl(Dialogs.obs)
38   Disable                                            isrt.obl(Enable.obs)
39   DllSizeOf                                          isrt.obl(Str.obs)
40   Do                                                 isrt.obl(Misc.obs)
41   Enable                                             isrt.obl(Enable.obs)
42   EndCurrentDialog                                   isrt.obl(Dialogs.obs)
43   EndDialog                                          isrt.obl(CustomDialog.obs)
44   EnterDisk                                          isrt.obl(EnterDisk.obs)
45   EnterPassword                                      isrt.obl(EnterPasswordDlg.obs)
46   ExistsDir                                          isrt.obl(Files.obs)
47   ExistsDisk                                         isrt.obl(Files.obs)
48   ExitInstall                                        isrt.obl(Driver.obs)
49   EzDefineDialog                                     isrt.obl(CustomDialog.obs)
50   FeatureAddFileToLog                                isrt.obl(Feature.obs)
51   FeatureCompareSizeRequired                         isrt.obl(Feature.obs)
52   FeatureErrorInfo                                   isrt.obl(Feature.obs)
53   FeatureFilterLanguage                              isrt.obl(Feature.obs)
54   FeatureFilterOS                                    isrt.obl(Feature.obs)
55   FeatureGetData                                     isrt.obl(Feature.obs)
56   FeatureGetTotalCost                                isrt.obl(Feature.obs)
57   FeatureIsItemSelected                              isrt.obl(Feature.obs)
58   FeatureListItems                                   isrt.obl(Feature.obs)
59   FeaturePatch                                       isrt.obl(Feature.obs)
60   FeatureReinstall                                   isrt.obl(Feature.obs)
61   FeatureRemoveAllInLogOnly                          isrt.obl(Feature.obs)
62   FeatureRemoveAllInMedia                            isrt.obl(Feature.obs)
63   FeatureRemoveAllInMediaAndLog                      isrt.obl(Feature.obs)
64   FeatureSaveTarget                                  isrt.obl(Feature.obs)
65   FeatureSelectItem                                  isrt.obl(Feature.obs)
66   FeatureSelectNew                                   isrt.obl(Feature.obs)
67   FeatureSetupTypeSet                                isrt.obl(Feature.obs)
68   FeatureStandardSetupTypeSet                        isrt.obl(Feature.obs)
69   FeatureTransferData                                isrt.obl(Feature.obs)
70   FeatureUpdate                                      isrt.obl(Feature.obs)
71   FeatureValidate                                    isrt.obl(Feature.obs)
72   FinalConstruct                                     ifx.obl(EventsPriv.obs)
73   FinalRelease                                       ifx.obl(EventsPriv.obs)
74   FindAllDirs                                        isrt.obl(Files.obs)
75   FindFile                                           isrt.obl(Files.obs)
76   FormatMessage                                      isrt.obl(Misc.obs)
77   GDI32.AddFontResource                              Setup.obs
78   GDI32.CreateRectRgn                                Setup.obs
79   GDI32.GetDeviceCaps                                Setup.obs
80   GDI32.RemoveFontResource                           Setup.obs
81   GetAddRemove                                       isrt.obl(SysVars.obs)
82   GetBillboard                                       isrt.obl(SysVars.obs)
83   GetCurrentDialogName                               isrt.obl(Dialogs.obs)
84   GetCurrentDir                                      isrt.obl(Files.obs)
85   GetDialogTitle                                     isrt.obl(Dialogs.obs)
86   GetDir                                             isrt.obl(Str.obs)
87   GetDisk                                            isrt.obl(Str.obs)
88   GetDiskSpace                                       isrt.obl(GSI.obs)
89   GetDiskSpaceEx                                     isrt.obl(GSI.obs)
90   GetEnabledIServices                                isrt.obl(SysVars.obs)
91   GetErrorMsg                                        isrt.obl(Dialogs.obs)
92   GetErrorTitle                                      isrt.obl(Dialogs.obs)
93   GetExtents                                         isrt.obl(GSI.obs)
94   GetFolderApplications                              isrt.obl(SysVars.obs)
95   GetFolderApplications64                            isrt.obl(SysVars.obs)
96   GetFolderFonts                                     isrt.obl(SysVars.obs)
97   GetISRes                                           isrt.obl(SysVars.obs)
98   GetInstallScriptMSI                                isrt.obl(SysVars.obs)
99   GetInstanceGUID                                    isrt.obl(SysVars.obs)
100  GetKeyPathWinCurrVerAuto                           isrt.obl(SysVars.obs)
101  GetLog                                             isrt.obl(SysVars.obs)
102  GetLogEx                                           isrt.obl(SysVars.obs)
103  GetMaintOption                                     isrt.obl(SysVars.obs)
104  GetMaintenance                                     isrt.obl(SysVars.obs)
105  GetMultiInstanceCount                              isrt.obl(SysVars.obs)
106  GetOpenFileMode                                    isrt.obl(Files.obs)
107  GetPackageLocation                                 isrt.obl(SysVars.obs)
108  GetProductGUID                                     isrt.obl(SysVars.obs)
109  GetProfSectionKeyCount                             isrt.obl(Profile.obs)
110  GetProfString                                      isrt.obl(Profile.obs)
111  GetProfStringList                                  isrt.obl(Profile.obs)
112  GetProgramFiles                                    isrt.obl(SysVars.obs)
113  GetReinstallMode                                   isrt.obl(SysVars.obs)
114  GetRemoveAllMode                                   isrt.obl(SysVars.obs)
115  GetRemoveOnly                                      isrt.obl(SysVars.obs)
116  GetSelectedLanguage                                isrt.obl(SysVars.obs)
117  GetSelectedTreeComponent                           isrt.obl(CmptView.obs)
118  GetShowPasswordDialog                              isrt.obl(SysVars.obs)
119  GetSupportDir                                      isrt.obl(SysVars.obs)
120  GetSystemInfo                                      isrt.obl(GSI.obs)
121  GetTempFolder                                      isrt.obl(SysVars.obs)
122  GetTrueTypeFontFileInfo                            isrt.obl(Misc.obs)
123  GetUserSelectableAuto                              isrt.obl(SysVars.obs)
124  GetWinDir                                          isrt.obl(SysVars.obs)
125  GetWinSysDir                                       isrt.obl(SysVars.obs)
126  GetWindowHandle                                    isrt.obl(Misc.obs)
127  HIBYTE                                             isrt.obl(Misc.obs)
128  HIWORD                                             isrt.obl(Misc.obs)
129  ISDeterminePlatform                                isrt.obl(OsInfo.obs)
130  ISMIF32.InstallStatusMIF                           isrt.obl(MIF.obs)
131  ISRT.ComponentViewSetInfoEx                        isrt.obl(Dialogs.obs)
132  ISRT.EnableHourGlass                               isrt.obl(Enable.obs)
133  ISRT.GetCPUType                                    isrt.obl(GSI.obs)
134  ISRT.GetFontSub                                    isrt.obl(Dialogs.obs)
135  ISRT.GetHandle                                     Setup.obs
136  ISRT.GetPorts                                      isrt.obl(GSI.obs)
137  ISRT.IsEmpty                                       Setup.obs
138  ISRT.IsNTAdmin                                     isrt.obl(Is.obs)
139  ISRT.IsObject                                      Setup.obs
140  ISRT.IsPowerUser                                   isrt.obl(Is.obs)
141  ISRT.LangLoadString                                isrt.obl(SDINT.obs)
142  ISRT.MessageBeepP                                  Setup.obs
143  ISRT.PathCompactPathPixel                          isrt.obl(CustomDialog.obs)
144  ISRT.PathGetDir                                    isrt.obl(Str.obs)
145  ISRT.PathGetDrive                                  isrt.obl(Str.obs)
146  ISRT.PathGetFile                                   isrt.obl(Files.obs)
147  ISRT.PathGetFileExt                                isrt.obl(Str.obs)
148  ISRT.PathGetFileName                               isrt.obl(Str.obs)
149  ISRT.PathGetLongFromShort                          isrt.obl(Str.obs)
150  ISRT.PathGetPath                                   isrt.obl(Str.obs)
151  ISRT.PathGetSpecialFolder                          isrt.obl(SysVars.obs)
152  ISRT.PathIsValidSyntax                             isrt.obl(Is.obs)
153  ISRT._AppSearch                                    Setup.obs
154  ISRT._BrowseForFolder                              isrt.obl(SelectDir.obs)
155  ISRT._CCPSearch                                    Setup.obs
156  ISRT._CleanupInet                                  isrt.obl(MIO.obs)
157  ISRT._CloseFile                                    isrt.obl(Files.obs)
158  ISRT._CmdGetHwndDlg                                isrt.obl(CustomDialog.obs)
159  ISRT._ComponentCompareSizeRequired                 isrt.obl(Feature.obs)
160  ISRT._ComponentErrorInfo                           isrt.obl(Feature.obs)
161  ISRT._ComponentFilterLanguage                      isrt.obl(Feature.obs)
162  ISRT._ComponentFilterOS                            isrt.obl(Feature.obs)
163  ISRT._ComponentGetData                             isrt.obl(Feature.obs)
164  ISRT._ComponentGetTotalCost                        isrt.obl(Feature.obs)
165  ISRT._ComponentGetTotalCostEx                      isrt.obl(SdComponentTreeDlg.obs)
166  ISRT._ComponentIsItemSelected                      isrt.obl(Feature.obs)
167  ISRT._ComponentListItems                           isrt.obl(Feature.obs)
168  ISRT._ComponentPatch                               isrt.obl(Feature.obs)
169  ISRT._ComponentReinstall                           isrt.obl(Feature.obs)
170  ISRT._ComponentRemoveAll                           isrt.obl(Feature.obs)
171  ISRT._ComponentRemoveAllInLogOnly                  isrt.obl(Feature.obs)
172  ISRT._ComponentSaveTarget                          isrt.obl(Feature.obs)
173  ISRT._ComponentSelectItem                          isrt.obl(Feature.obs)
174  ISRT._ComponentSelectNew                           isrt.obl(Feature.obs)
175  ISRT._ComponentSetupTypeSet                        isrt.obl(Feature.obs)
176  ISRT._ComponentTransferData                        isrt.obl(Feature.obs)
177  ISRT._ComponentUpdate                              isrt.obl(Feature.obs)
178  ISRT._ComponentValidate                            isrt.obl(Feature.obs)
179  ISRT._CreateDir                                    isrt.obl(Files.obs)
180  ISRT._CreateRegistrySet                            isrt.obl(Feature.obs)
181  ISRT._CtrlGetNotificationCode                      isrt.obl(CustomDialog.obs)
182  ISRT._CtrlGetSubCommand                            isrt.obl(CustomDialog.obs)
183  ISRT._CtrlSetMLERichText                           isrt.obl(CustomDialog.obs)
184  ISRT._DIFxDriverPackageUninstall                   isrt.obl(ISDIFx.obs)
185  ISRT._DefineDialog                                 isrt.obl(CustomDialog.obs)
186  ISRT._DialogSetFont                                isrt.obl(Dialogs.obs)
187  ISRT._DisableStatus                                isrt.obl(Enable.obs)
188  ISRT._DoSprintf                                    isrt.obl(MsgBox.obs)
189  ISRT._EnableDialogCache                            isrt.obl(Enable.obs)
190  ISRT._EnablePrevDialog                             isrt.obl(AskDestPathDlg.obs)
191  ISRT._EnableSkins                                  isrt.obl(Enable.obs)
192  ISRT._EnableStatus                                 isrt.obl(Enable.obs)
193  ISRT._EnableWow64FsRedirection                     isrt.obl(Enable.obs)
194  ISRT._EndDialog                                    isrt.obl(CustomDialog.obs)
195  ISRT._ExistsDir                                    isrt.obl(Files.obs)
196  ISRT._ExistsDisk                                   isrt.obl(Files.obs)
197  ISRT._ExistsFile                                   isrt.obl(Files.obs)
198  ISRT._ExitInstall                                  Setup.obs
199  ISRT._GetCurrentDialogName                         isrt.obl(Dialogs.obs)
200  ISRT._GetDiskSpaceEx                               isrt.obl(GSI.obs)
201  ISRT._GetDiskSpaceExEx                             isrt.obl(SdComponentTreeDlg.obs)
202  ISRT._GetGlobalMemorySize                          isrt.obl(GSI.obs)
203  ISRT._GetProcessorInfo                             isrt.obl(OsInfo.obs)
204  ISRT._GetSelectedTreeComponent                     isrt.obl(CmptView.obs)
205  ISRT._GetSupportDir                                isrt.obl(SysVars.obs)
206  ISRT._GetTrueTypeFontFileInfo                      isrt.obl(Misc.obs)
207  ISRT._InetEndofTransfer                            isrt.obl(iftw.obs)
208  ISRT._InetGetNextDisk                              isrt.obl(iftw.obs)
209  ISRT._InitInstall                                  Setup.obs
210  ISRT._IsFontTypefaceNameAvailable                  isrt.obl(Is.obs)
211  ISRT._IsSkinLoaded                                 isrt.obl(Is.obs)
212  ISRT._IsWindowsME                                  isrt.obl(GSI.obs)
213  ISRT._IsWow64                                      isrt.obl(OsInfo.obs)
214  ISRT._ListAddItem                                  isrt.obl(scrlist.obs)
215  ISRT._ListAddString                                isrt.obl(scrlist.obs)
216  ISRT._ListCount                                    isrt.obl(scrlist.obs)
217  ISRT._ListCreate                                   isrt.obl(scrlist.obs)
218  ISRT._ListCurrentString                            isrt.obl(scrlist.obs)
219  ISRT._ListDeleteItem                               isrt.obl(scrlist.obs)
220  ISRT._ListDeleteString                             isrt.obl(scrlist.obs)
221  ISRT._ListDestroy                                  isrt.obl(scrlist.obs)
222  ISRT._ListFindString                               isrt.obl(scrlist.obs)
223  ISRT._ListGetFirstItem                             isrt.obl(scrlist.obs)
224  ISRT._ListGetFirstString                           isrt.obl(scrlist.obs)
225  ISRT._ListGetNextItem                              isrt.obl(scrlist.obs)
226  ISRT._ListGetNextString                            isrt.obl(scrlist.obs)
227  ISRT._ListGetType                                  isrt.obl(scrlist.obs)
228  ISRT._ListReadFromFile                             isrt.obl(scrlist.obs)
229  ISRT._ListSetIndex                                 isrt.obl(scrlist.obs)
230  ISRT._MediaGetInfo                                 isrt.obl(Feature.obs)
231  ISRT._OnUninstPriv                                 Setup.obs
232  ISRT._OpenFile                                     isrt.obl(Files.obs)
233  ISRT._Preprogram                                   Setup.obs
234  ISRT._PrintFile                                    isrt.obl(Files.obs)
235  ISRT._Rebooted                                     Setup.obs
236  ISRT._RegCreateKey                                 isrt.obl(Registry.obs)
237  ISRT._RegDeleteValue                               isrt.obl(Registry.obs)
238  ISRT._RegEnableTextSubs                            isrt.obl(Enable.obs)
239  ISRT._RegEnum                                      isrt.obl(Registry.obs)
240  ISRT._RegGetOptions                                isrt.obl(SysVars.obs)
241  ISRT._RegIsRemoteRegConnected                      isrt.obl(Is.obs)
242  ISRT._RegQueryKeyBinaryValue                       isrt.obl(Registry.obs)
243  ISRT._RegQueryKeyValue                             isrt.obl(Registry.obs)
244  ISRT._RegSetKeyBinaryValue                         isrt.obl(Registry.obs)
245  ISRT._RegSetKeyValue                               isrt.obl(Registry.obs)
246  ISRT._RegSetOptions                                isrt.obl(SysVars.obs)
247  ISRT._ReleaseDialog                                isrt.obl(CustomDialog.obs)
248  ISRT._SdShowMsg                                    isrt.obl(SDSMSG.obs)
249  ISRT._SetAltMainImage                              isrt.obl(Dialogs.obs)
250  ISRT._SetDisplayEffect                             isrt.obl(ui.obs)
251  ISRT._SetPaletteFile                               isrt.obl(MIO.obs)
252  ISRT._SetSilentSdShowMsg                           isrt.obl(Enable.obs)
253  ISRT._SetTitle                                     isrt.obl(ui.obs)
254  ISRT._SetupInet                                    isrt.obl(MIO.obs)
255  ISRT._SetupTraceWrite                              isrt.obl(Misc.obs)
256  ISRT._ShowObjWizardPages                           isrt.obl(Objects.obs)
257  ISRT._ShowWizardPages                              Setup.obs
258  ISRT._StatusUpdate                                 isrt.obl(ui.obs)
259  ISRT._TreeViewCreate                               isrt.obl(CmptView.obs)
260  ISRT._WaitOnDialog                                 isrt.obl(CustomDialog.obs)
261  ISRT._WriteLine                                    isrt.obl(Files.obs)
262  ISRT.__CreateObjectContext                         isrt.obl(ISRTInit.obs)
263  ISRT.__GetCmdLineOptions                           isrt.obl(ISRTInit.obs)
264  ISRT.__GetContextGUID                              isrt.obl(ISRTInit.obs)
265  ISRT.__GetEnabledIServices                         isrt.obl(SysVars.obs)
266  ISRT.__GetFileRegistrar                            isrt.obl(ISRTInit.obs)
267  ISRT.__GetInfo                                     isrt.obl(ISRTInit.obs)
268  ISRT.__GetInstallGuid                              isrt.obl(SysVars.obs)
269  ISRT.__GetLog                                      isrt.obl(SysVars.obs)
270  ISRT.__GetLogDB                                    isrt.obl(ISRTInit.obs)
271  ISRT.__GetLogEx                                    isrt.obl(SysVars.obs)
272  ISRT.__GetMainWindow                               Setup.obs
273  ISRT.__GetMaintOption                              isrt.obl(SysVars.obs)
274  ISRT.__GetMaintenanceMode                          isrt.obl(SysVars.obs)
275  ISRT.__GetObjects                                  isrt.obl(ISRTInit.obs)
276  ISRT.__GetProductGuid                              isrt.obl(SysVars.obs)
277  ISRT.__GetProgress                                 Setup.obs
278  ISRT.__GetReboot                                   isrt.obl(ISRTInit.obs)
279  ISRT.__GetReinstallMode                            isrt.obl(SysVars.obs)
280  ISRT.__GetRemoveAllMode                            isrt.obl(SysVars.obs)
281  ISRT.__GetTextSub                                  isrt.obl(ISRTInit.obs)
282  ISRT.__GetUpdateMode                               isrt.obl(SysVars.obs)
283  ISRT.__GetUser                                     isrt.obl(MIO.obs)
284  ISRT.__ISRTGetPropertyBag                          ifx.obl(PersistPropertyBag.obs)
285  ISRT.__ISRTReleasePropertyBag                      ifx.obl(PersistPropertyBag.obs)
286  ISRT.__LoadString                                  isrt.obl(LoadStr.obs)
287  ISRT.__PutEnabledIServices                         isrt.obl(Enable.obs)
288  ISRT.__ReleaseObjectContext                        isrt.obl(ISRTInit.obs)
289  ISRT.__RestoreMainLog                              isrt.obl(ISRTInit.obs)
290  ISRT.__RestoreMainLogEx                            isrt.obl(ISRTInit.obs)
291  ISRT.__SetComponentLog                             isrt.obl(ISRTInit.obs)
292  ISRT.__SetUpdateMode                               isrt.obl(SysVars.obs)
293  ISRTHandleScriptException                          isrt.obl(Misc.obs)
294  ISRTOnUninstPriv                                   isrt.obl(Driver.obs)
295  ISRTPreprogram                                     isrt.obl(Driver.obs)
296  IfxFilterComponents                                ifx.obl(EventsSetupPriv.obs)
297  IfxFinalConstruct                                  ifx.obl(EventsSetupPriv.obs)
298  IfxFinalRelease                                    ifx.obl(EventsSetupPriv.obs)
299  IfxInitProperties                                  ifx.obl(PersistPropertyBag.obs)
300  IfxOnAbortInstall                                  ifx.obl(EventsPriv.obs)
301  IfxOnAppSearch                                     ifx.obl(EventsPriv.obs)
302  IfxOnCCPSearch                                     ifx.obl(EventsPriv.obs)
303  IfxOnCanceling                                     ifx.obl(EventsPriv.obs)
304  IfxOnDisk1Installed                                ifx.obl(EventsSetupPriv.obs)
305  IfxOnDisk1Installing                               ifx.obl(EventsSetupPriv.obs)
306  IfxOnExitInstall                                   ifx.obl(EventsSetupPriv.obs)
307  IfxOnFileError                                     ifx.obl(EventsSetupPriv.obs)
308  IfxOnFileLocked                                    ifx.obl(EventsSetupPriv.obs)
309  IfxOnFileReadOnly                                  ifx.obl(EventsSetupPriv.obs)
310  IfxOnGeneralScriptOp                               ifx.obl(EventsPriv.obs)
311  IfxOnHelp                                          ifx.obl(EventsPriv.obs)
312  IfxOnInitInstall                                   ifx.obl(EventsSetupPriv.obs)
313  IfxOnInternetError                                 ifx.obl(EventsSetupPriv.obs)
314  IfxOnMD5Error                                      ifx.obl(EventsSetupPriv.obs)
315  IfxOnNextDisk                                      ifx.obl(EventsSetupPriv.obs)
316  IfxOnRebooted                                      ifx.obl(EventsPriv.obs)
317  IfxOnRemovingSharedFile                            ifx.obl(EventsSetupPriv.obs)
318  IfxOnShowWizardPages                               ifx.obl(EventsSetupPriv.obs)
319  IfxOnTransferred                                   ifx.obl(EventsPriv.obs)
320  IfxOnTransferring                                  ifx.obl(EventsSetupPriv.obs)
321  IfxOnUnhandledException                            ifx.obl(EventsPriv.obs)
322  IfxOnUninst                                        ifx.obl(EventsSetupPriv.obs)
323  IfxOnUninstPriv                                    ifx.obl(EventsSetupPriv.obs)
324  IfxPostprogram                                     ifx.obl(EventsSetupPriv.obs)
325  IfxPreprogram                                      ifx.obl(EventsSetupPriv.obs)
326  IfxReadProperties                                  ifx.obl(PersistPropertyBag.obs)
327  IfxRunAfterReboot                                  ifx.obl(EventsSetupPriv.obs)
328  IfxWriteProperties                                 ifx.obl(PersistPropertyBag.obs)
329  InetEndofTransfer                                  isrt.obl(iftw.obs)
330  InetNextDisk                                       isrt.obl(iftw.obs)
331  InitInstall                                        isrt.obl(Driver.obs)
332  InitProperties                                     ifx.obl(PersistPropertyBag.obs)
333  Is                                                 isrt.obl(Is.obs)
334  IsInetInstall                                      isrt.obl(iftw.obs)
335  KERNEL.GetModuleHandle                             Setup.obs
336  KERNEL32.CloseHandle                               Setup.obs
337  KERNEL32.CreateFileA                               Setup.obs
338  KERNEL32.CreateProcess                             Setup.obs
339  KERNEL32.DeleteFileA                               Setup.obs
340  KERNEL32.FindClose                                 Setup.obs
341  KERNEL32.FindFirstFileA                            Setup.obs
342  KERNEL32.FindNextFileA                             Setup.obs
343  KERNEL32.FormatMessageA                            Setup.obs
344  KERNEL32.FreeLibrary                               Setup.obs
345  KERNEL32.GetCurrentDirectoryA                      Setup.obs
346  KERNEL32.GetDriveType                              Setup.obs
347  KERNEL32.GetExitCodeProcess                        Setup.obs
348  KERNEL32.GetFileAttributesA                        Setup.obs
349  KERNEL32.GetLocalTime                              Setup.obs
350  KERNEL32.GetLocaleInfo                             Setup.obs
351  KERNEL32.GetPrivateProfileSectionA                 Setup.obs
352  KERNEL32.GetPrivateProfileString                   Setup.obs
353  KERNEL32.GetPrivateProfileStringA                  Setup.obs
354  KERNEL32.GetProcAddress                            Setup.obs
355  KERNEL32.GetProfileStringA                         Setup.obs
356  KERNEL32.GetSystemDefaultLCID                      Setup.obs
357  KERNEL32.GetSystemDefaultLangID                    Setup.obs
358  KERNEL32.GetSystemDefaultUILanguage                Setup.obs
359  KERNEL32.GetTickCount                              Setup.obs
360  KERNEL32.GetUserDefaultLangID                      Setup.obs
361  KERNEL32.GetVersion                                Setup.obs
362  KERNEL32.GetVersionEx                              Setup.obs
363  KERNEL32.GetVolumeInformation                      Setup.obs
364  KERNEL32.GetWindowsDirectory                       Setup.obs
365  KERNEL32.LoadLibraryA                              Setup.obs
366  KERNEL32.RemoveDirectoryA                          Setup.obs
367  KERNEL32.SetCurrentDirectoryA                      Setup.obs
368  KERNEL32.SetFileAttributesA                        Setup.obs
369  KERNEL32.Sleep                                     Setup.obs
370  KERNEL32.WritePrivateProfileString                 Setup.obs
371  KERNEL32.WritePrivateProfileStringA                Setup.obs
372  KERNEL32.WriteProfileStringA                       Setup.obs
373  KERNEL32.lstrlen                                   Setup.obs
374  LOBYTE                                             isrt.obl(Misc.obs)
375  LOWORD                                             isrt.obl(Misc.obs)
376  LaunchApp                                          isrt.obl(Extend.obs)
377  LaunchAppAndWait                                   isrt.obl(Extend.obs)
378  LaunchAppAndWaitInitStartupInfo                    isrt.obl(Extend.obs)
379  ListAddItem                                        isrt.obl(scrlist.obs)
380  ListAddString                                      isrt.obl(scrlist.obs)
381  ListCount                                          isrt.obl(scrlist.obs)
382  ListCreate                                         isrt.obl(scrlist.obs)
383  ListCurrentString                                  isrt.obl(scrlist.obs)
384  ListDeleteItem                                     isrt.obl(scrlist.obs)
385  ListDeleteString                                   isrt.obl(scrlist.obs)
386  ListDestroy                                        isrt.obl(scrlist.obs)
387  ListFindString                                     isrt.obl(scrlist.obs)
388  ListGetFirstItem                                   isrt.obl(scrlist.obs)
389  ListGetFirstString                                 isrt.obl(scrlist.obs)
390  ListGetNextItem                                    isrt.obl(scrlist.obs)
391  ListGetNextString                                  isrt.obl(scrlist.obs)
392  ListGetType                                        isrt.obl(scrlist.obs)
393  ListReadFromFile                                   isrt.obl(scrlist.obs)
394  ListSetIndex                                       isrt.obl(scrlist.obs)
395  ListValid                                          isrt.obl(scrlist.obs)
396  ListValidType                                      isrt.obl(scrlist.obs)
397  LoadStringFromStringTable                          isrt.obl(Str.obs)
398  LogReadCustomString                                isrt.obl(Misc.obs)
399  LogReadCustomVariant                               isrt.obl(Misc.obs)
400  LogWriteCustomString                               isrt.obl(Misc.obs)
401  LogWriteCustomVariant                              isrt.obl(Misc.obs)
402  LongPathFromShortPath                              isrt.obl(Str.obs)
403  LongPathToQuote                                    isrt.obl(Str.obs)
404  MAKELONG                                           isrt.obl(Misc.obs)
405  MIFCreateMIFFile                                   isrt.obl(MIF.obs)
406  MIFDeleteMIFFile                                   isrt.obl(MIF.obs)
407  MIFInitialize                                      isrt.obl(MIF.obs)
408  MIFSetInformation                                  isrt.obl(MIF.obs)
409  MIFUnInitialize                                    isrt.obl(MIF.obs)
410  MIFWasSetInformationCalled                         isrt.obl(MIF.obs)
411  MIOShutdown                                        isrt.obl(MIO.obs)
412  MIOStartup                                         isrt.obl(MIO.obs)
413  MaintenanceStart                                   isrt.obl(Registry.obs)
414  MediaGetData                                       isrt.obl(Feature.obs)
415  MediaGetDataEx                                     isrt.obl(Feature.obs)
416  MessageBeep                                        isrt.obl(Misc.obs)
417  MessageBox                                         isrt.obl(MsgBox.obs)
418  MessageBoxEx                                       isrt.obl(MsgBox.obs)
419  OnAbort                                            ifx.obl(EventsSetup.obs)
420  OnAppSearch                                        ifx.obl(EventsSetup.obs)
421  OnBegin                                            ifx.obl(EventsSetup.obs)
422  OnCCPSearch                                        ifx.obl(EventsSetup.obs)
423  OnCanceling                                        ifx.obl(EventsSetup.obs)
424  OnCheckMediaPassword                               ifx.obl(EventsSetup.obs)
425  OnComponentError                                   ifx.obl(EventsSetup.obs)
426  OnCustomizeUninstInfo                              ifx.obl(EventsSetup.obs)
427  OnDIFxLogCallback                                  ifx.obl(EventsSetup.obs)
428  OnDIFxLogCallbackImpl                              isrt.obl(ISDIFx.obs)
429  OnEnd                                              ifx.obl(EventsSetup.obs)
430  OnFileError                                        ifx.obl(EventsSetup.obs)
431  OnFileLocked                                       ifx.obl(EventsSetup.obs)
432  OnFileReadOnly                                     ifx.obl(EventsSetup.obs)
433  OnFilterComponents                                 ifx.obl(EventsSetup.obs)
434  OnFirstUIAfter                                     Setup.obs
435  OnFirstUIBefore                                    Setup.obs
436  OnHelp                                             ifx.obl(EventsSetup.obs)
437  OnIISAppPoolUninstalling                           ifx.obl(EventsPriv.obs)
438  OnIISCheckRequirements                             ifx.obl(EventsPriv.obs)
439  OnIISComponentInstalled                            ifx.obl(EventsPriv.obs)
440  OnIISInitialize                                    ifx.obl(EventsPriv.obs)
441  OnIISUninitialize                                  ifx.obl(EventsPriv.obs)
442  OnIISVRootUninstalling                             ifx.obl(EventsPriv.obs)
443  OnIISWebServiceExtensionUninstalling               ifx.obl(EventsPriv.obs)
444  OnInstallDRMService                                isrt.obl(Activation.obs)
445  OnInstalledFile                                    ifx.obl(EventsSetup.obs)
446  OnInstalledFontFile                                ifx.obl(EventsSetup.obs)
447  OnInstallingFile                                   ifx.obl(EventsSetup.obs)
448  OnInternetError                                    ifx.obl(EventsSetup.obs)
449  OnLaunchAppAndWaitCallback                         ifx.obl(EventsSetup.obs)
450  OnMD5Error                                         ifx.obl(EventsSetup.obs)
451  OnMaintUIAfter                                     Setup.obs
452  OnMaintUIBefore                                    ifx.obl(EventsSetup.obs)
453  OnMoveData                                         ifx.obl(EventsSetup.obs)
454  OnMoved                                            ifx.obl(EventsSetup.obs)
455  OnMoving                                           ifx.obl(EventsSetup.obs)
456  OnNetApiCreateUserAccount                          ifx.obl(EventsSetup.obs)
457  OnNetApiCreateUserAccountInternal                  isrt.obl(NetApiRT.obs)
458  OnNextDisk                                         ifx.obl(EventsSetup.obs)
459  OnRebooted                                         ifx.obl(EventsSetup.obs)
460  OnRemovingSharedFile                               ifx.obl(EventsSetup.obs)
461  OnSQLBatchScripts                                  ifx.obl(EventsPriv.obs)
462  OnSQLComponentInstalled                            ifx.obl(EventsPriv.obs)
463  OnSQLComponentUninstalled                          ifx.obl(EventsPriv.obs)
464  OnSQLServerInitialize                              ifx.obl(EventsPriv.obs)
465  OnSQLServerInitializeMaint                         ifx.obl(EventsPriv.obs)
466  OnSelfRegistrationError                            ifx.obl(EventsSetup.obs)
467  OnSetTARGETDIR                                     ifx.obl(EventsSetup.obs)
468  OnSetUpdateMode                                    ifx.obl(EventsSetup.obs)
469  OnShowUI                                           ifx.obl(EventsSetup.obs)
470  OnUnInstallDRMService                              isrt.obl(Activation.obs)
471  OnUnhandledException                               ifx.obl(EventsPriv.obs)
472  OnUninstall                                        ifx.obl(EventsSetup.obs)
473  OnUninstalledFile                                  ifx.obl(EventsSetup.obs)
474  OnUninstallingDIFxDriverFile                       ifx.obl(EventsSetup.obs)
475  OnUninstallingFile                                 ifx.obl(EventsSetup.obs)
476  OnUninstallingFontFile                             ifx.obl(EventsSetup.obs)
477  OnUpdateUIAfter                                    ifx.obl(EventsSetup.obs)
478  OnUpdateUIBefore                                   ifx.obl(EventsSetup.obs)
479  OnXMLComponentInstalled                            ifx.obl(EventsPriv.obs)
480  OnXMLComponentUninstalling                         ifx.obl(EventsPriv.obs)
481  OnXMLInitialize                                    ifx.obl(EventsPriv.obs)
482  OnXMLUninitialize                                  ifx.obl(EventsPriv.obs)
483  OpenFileMode                                       isrt.obl(Files.obs)
484  PCRestoreInit                                      isrt.obl(PCRestore.obs)
485  PCRestoreOnAbort                                   isrt.obl(PCRestore.obs)
486  PCRestoreOnBegin                                   isrt.obl(PCRestore.obs)
487  PCRestoreOnExit                                    isrt.obl(PCRestore.obs)
488  ParsePath                                          isrt.obl(Str.obs)
489  Postprogram                                        ifx.obl(EventsSetupPriv.obs)
490  Preprogram                                         ifx.obl(EventsSetupPriv.obs)
491  PrintFile                                          isrt.obl(Files.obs)
492  ProgDefGroupType                                   isrt.obl(Shell.obs)
493  ProgGetGroupType                                   isrt.obl(Shell.obs)
494  PthFixPath                                         isrt.obl(Pth.obs)
495  PthIsAbsPath                                       isrt.obl(Pth.obs)
496  PthIsRoot                                          isrt.obl(Pth.obs)
497  ReadProperties                                     ifx.obl(PersistPropertyBag.obs)
498  Rebooted                                           isrt.obl(Driver.obs)
499  RegDBDeleteValue                                   isrt.obl(Registry.obs)
500  RegDBGetDefaultRoot                                isrt.obl(SysVars.obs)
501  RegDBGetItem                                       isrt.obl(Registry.obs)
502  RegDBGetKeyValueEx                                 isrt.obl(Registry.obs)
503  RegDBQueryKey                                      isrt.obl(Registry.obs)
504  RegDBQueryKeyCount                                 isrt.obl(Registry.obs)
505  RegDBQueryStringMultiStringCount                   isrt.obl(Registry.obs)
506  RegDBQueryValue                                    isrt.obl(Registry.obs)
507  RegDBQueryValue32                                  isrt.obl(Registry.obs)
508  RegDBSetDefaultRoot                                isrt.obl(SysVars.obs)
509  RegDBSetItem                                       isrt.obl(Registry.obs)
510  RegDBSetKeyValueEx                                 isrt.obl(Registry.obs)
511  RegDBSetValue                                      isrt.obl(Registry.obs)
512  RegDBSetValue32                                    isrt.obl(Registry.obs)
513  RegDBSetVersion                                    isrt.obl(Registry.obs)
514  RegisterFontResource                               isrt.obl(Misc.obs)
515  ReleaseDialog                                      isrt.obl(CustomDialog.obs)
516  SHFolder.SHGetFolderPathA                          Setup.obs
517  SdCloseDlg                                         isrt.obl(SDINT.obs)
518  SdComponentDlgCheckSpace                           isrt.obl(SDINT.obs)
519  SdDlgToTop                                         isrt.obl(SDINT.obs)
520  SdDoStdButton                                      isrt.obl(SDINT.obs)
521  SdEnablement                                       isrt.obl(SDINT.obs)
522  SdError                                            isrt.obl(SDINT.obs)
523  SdExceptionsInit                                   isrt.obl(SdExceptions.obs)
524  SdFeatureTree                                      isrt.obl(SdComponentTreeDlg.obs)
525  SdFinish                                           isrt.obl(SdFinishDlg.obs)
526  SdFinishReboot                                     isrt.obl(SdFinishRebootDlg.obs)
527  SdFinishUpdateEx                                   isrt.obl(SdFinishUpdate.obs)
528  SdGeneralInit                                      isrt.obl(SDINT.obs)
529  SdInit                                             isrt.obl(SDINT.obs)
530  SdIsStdButton                                      isrt.obl(SDINT.obs)
531  SdLicense2Rtf                                      isrt.obl(SdLicense2Dlg.obs)
532  SdLoadString                                       isrt.obl(SDINT.obs)
533  SdMakeName                                         isrt.obl(SDINT.obs)
534  SdPlugInProductName                                isrt.obl(SDINT.obs)
535  SdRegisterUser                                     isrt.obl(SdRegisterUserDlg.obs)
536  SdSetDlgTitle                                      isrt.obl(SDINT.obs)
537  SdSetStatic                                        isrt.obl(SDINT.obs)
538  SdShowMsg                                          isrt.obl(SDSMSG.obs)
539  SdStartCopy2                                       isrt.obl(SdStartCopy2Dlg.obs)
540  SdSubstituteProductInfo                            isrt.obl(SDINT.obs)
541  SdUnInit                                           isrt.obl(SDINT.obs)
542  SdWelcome                                          isrt.obl(SdWelcomeDlg.obs)
543  SdWelcomeMaint                                     isrt.obl(SdWelcomeMaintDlg.obs)
544  SelectDir                                          isrt.obl(SelectDir.obs)
545  SelectDirNoLog                                     isrt.obl(SelectDir.obs)
546  SendMessage                                        isrt.obl(Misc.obs)
547  ServiceInitParams                                  isrt.obl(Service.obs)
548  SetCmdLine                                         isrt.obl(SysVars.obs)
549  SetDialogTitle                                     isrt.obl(Dialogs.obs)
550  SetDisplayEffect                                   isrt.obl(ui.obs)
551  SetExtendedErrInfo                                 isrt.obl(IsUtil.obs)
552  SetFolderDesktop                                   isrt.obl(SysVars.obs)
553  SetFolderPrograms                                  isrt.obl(SysVars.obs)
554  SetFolderStartMenu                                 isrt.obl(SysVars.obs)
555  SetFolderStartup                                   isrt.obl(SysVars.obs)
556  SetStatus                                          ifx.obl(EventsSetupPriv.obs)
557  SetStatusEx                                        ifx.obl(EventsSetupPriv.obs)
558  SetStatusExStaticText                              isrt.obl(ui.obs)
559  SetStatusWindow                                    isrt.obl(ui.obs)
560  SetTitle                                           isrt.obl(ui.obs)
561  SetupTraceWrite                                    isrt.obl(Misc.obs)
562  SetupType2                                         isrt.obl(SetupType2Dlg.obs)
563  Shell32.FindExecutableA                            Setup.obs
564  Shell32.ShellExecuteA                              Setup.obs
565  ShowObjWizardPages                                 isrt.obl(Objects.obs)
566  ShowWizardPages                                    isrt.obl(Driver.obs)
567  SilentCreateFile                                   isrt.obl(Silent.obs)
568  SilentDoGeneralInfo                                isrt.obl(Silent.obs)
569  SilentFailed                                       isrt.obl(Silent.obs)
570  SilentFinish                                       isrt.obl(Silent.obs)
571  SilentInit                                         isrt.obl(Silent.obs)
572  SilentLogWriteData                                 isrt.obl(Silent.obs)
573  SilentReadData                                     isrt.obl(Silent.obs)
574  SilentSetInfo                                      isrt.obl(Silent.obs)
575  SilentSetMode                                      isrt.obl(Silent.obs)
576  SilentWriteData                                    isrt.obl(Silent.obs)
577  Sprintf                                            isrt.obl(Str.obs)
578  SprintfBox                                         isrt.obl(MsgBox.obs)
579  StatusUpdate                                       isrt.obl(ui.obs)
580  StrAddLastSlash                                    isrt.obl(Str.obs)
581  StrFindEx                                          isrt.obl(Str.obs)
582  StrGetTokens                                       isrt.obl(Str.obs)
583  StrLength                                          isrt.obl(Str.obs)
584  StrRemoveLastSlash                                 isrt.obl(Str.obs)
585  StrRemoveSpaces                                    isrt.obl(Str.obs)
586  StrReplace                                         isrt.obl(Str.obs)
587  StrToNumHex                                        isrt.obl(Str.obs)
588  StrToUpper                                         isrt.obl(Str.obs)
589  SysVarsInit                                        isrt.obl(SysVars.obs)
590  SysVarsTrace                                       isrt.obl(SysVars.obs)
591  SysVarsUnInit                                      isrt.obl(SysVars.obs)
592  System                                             isrt.obl(Misc.obs)
593  TextSubGetValue                                    isrt.obl(TextSub.obs)
594  TextSubParseTextSub                                isrt.obl(TextSub.obs)
595  TextSubSetValue                                    isrt.obl(TextSub.obs)
596  TextSubSubstitute                                  isrt.obl(TextSub.obs)
597  TreeViewCreate                                     isrt.obl(CmptView.obs)
598  USER.EnableWindow                                  Setup.obs
599  USER.GetClassName                                  Setup.obs
600  USER.GetDC                                         Setup.obs
601  USER.GetDlgItem                                    Setup.obs
602  USER.GetFocus                                      Setup.obs
603  USER.GetWindowLong                                 Setup.obs
604  USER.IsIconic                                      Setup.obs
605  USER.IsWindow                                      Setup.obs
606  USER.IsWindowVisible                               Setup.obs
607  USER.PostMessage                                   Setup.obs
608  USER.ReleaseDC                                     Setup.obs
609  USER.SendMessageA                                  Setup.obs
610  USER.SetFocus                                      Setup.obs
611  USER.SetForegroundWindow                           Setup.obs
612  USER.SetWindowPos                                  Setup.obs
613  USER.SetWindowText                                 Setup.obs
614  USER.ShowWindow                                    Setup.obs
615  USER32.CharUpperBuffA                              Setup.obs
616  USER32.DispatchMessage                             Setup.obs
617  USER32.GetSystemMetrics                            Setup.obs
618  USER32.GetWindowText                               Setup.obs
619  USER32.GetWindowTextLength                         Setup.obs
620  USER32.MessageBoxA                                 Setup.obs
621  USER32.MsgWaitForMultipleObjects                   Setup.obs
622  USER32.PeekMessageA                                Setup.obs
623  USER32.SendMessageA                                Setup.obs
624  USER32.SetWindowLong                               Setup.obs
625  USER32.SetWindowRgn                                Setup.obs
626  USER32.TranslateMessage                            Setup.obs
627  UpdateServiceCheckForUpdates                       isrt.obl(ISUpdateService.obs)
628  UpdateServiceEnableUpdateService                   isrt.obl(ISUpdateService.obs)
629  UpdateServiceInit                                  isrt.obl(ISUpdateService.obs)
630  UpdateServiceRegisterAfterReboot                   isrt.obl(ISUpdateService.obs)
631  UpdateServiceRegisterProductEx                     isrt.obl(ISUpdateService.obs)
632  VarInit                                            isrt.obl(SysVars.obs)
633  VarRestore                                         isrt.obl(SysVars.obs)
634  VarRestoreISRT                                     isrt.obl(SysVars.obs)
635  VarSave                                            isrt.obl(SysVars.obs)
636  VarSaveISRT                                        isrt.obl(SysVars.obs)
637  VerProductCompareVersions                          isrt.obl(version.obs)
638  VerProductGetInstalledVersion                      isrt.obl(version.obs)
639  VerProductIsVersionSupported                       isrt.obl(version.obs)
640  VerProductNumToStr                                 isrt.obl(version.obs)
641  VerProductStrToNum                                 isrt.obl(version.obs)
642  VerProductVerFromVerParts                          isrt.obl(version.obs)
643  VerProductVerPartsFromVer                          isrt.obl(version.obs)
644  WaitOnDialog                                       isrt.obl(CustomDialog.obs)
645  WizardDirection                                    ifx.obl(EventsSetupPriv.obs)
646  WriteLine                                          isrt.obl(Files.obs)
647  WriteProfInt                                       isrt.obl(Profile.obs)
648  WriteProfString                                    isrt.obl(Profile.obs)
649  WriteProperties                                    ifx.obl(PersistPropertyBag.obs)
650  __ISRTDoExit                                       isrt.obl(Misc.obs)
651  __ISRTInit                                         isrt.obl(ISRTInit.obs)
652  __ISRTRestoreMainLog                               isrt.obl(ISRTInit.obs)
653  __ISRTRestoreMainLogEx                             isrt.obl(ISRTInit.obs)
654  __ISRTSetComponentLog                              isrt.obl(ISRTInit.obs)
655  __ISRTUnInit                                       isrt.obl(ISRTInit.obs)
656  __LoadIScriptString                                isrt.obl(LoadStr.obs)
657  program                                            ifx.obl(EventsSetupPriv.obs)
658  sfc.SRSetRestorePoint                              Setup.obs


***** External Variables *****
1    ADDREMOVE                                          isrt.obl(DebugSymbols.obs)
2    ADDREMOVE_COMBINEDBUTTON                           Setup.obs
3    ADDREMOVE_HIDECHANGEOPTION                         Setup.obs
4    ADDREMOVE_HIDEREMOVEOPTION                         Setup.obs
5    ADDREMOVE_HIDEREPAIROPTION                         Setup.obs
6    ADDREMOVE_STRING_REMOVEONLY                        Setup.obs
7    ADDREMOVE_SYSTEMCOMPONENT                          Setup.obs
8    ADMINUSER                                          Setup.obs
9    ALLUSERS                                           Setup.obs
10   BASICMSI                                           isrt.obl(DebugSymbols.obs)
11   BATCH_INSTALL                                      Setup.obs
12   CMDLINE                                            isrt.obl(DebugSymbols.obs)
13   COMMONFILES                                        isrt.obl(DebugSymbols.obs)
14   COMMONFILES64                                      isrt.obl(DebugSymbols.obs)
15   DISABLE_ALLUSERBTN                                 Setup.obs
16   DISABLE_PERUSERBTN                                 Setup.obs
17   DISK1SETUPEXENAME                                  isrt.obl(DebugSymbols.obs)
18   DISK1TARGET                                        Setup.obs
19   ENABLED_ISERVICES                                  isrt.obl(DebugSymbols.obs)
20   ENGINECOMMONDIR                                    isrt.obl(DebugSymbols.obs)
21   ENGINEDIR                                          isrt.obl(DebugSymbols.obs)
22   ERRORFILENAME                                      Setup.obs
23   Err                                                Setup.obs
24   FILETIME                                           Setup.obs
25   FIND_DATA                                          Setup.obs
26   FOLDER_APPDATA                                     isrt.obl(DebugSymbols.obs)
27   FOLDER_COMMON_APPDATA                              isrt.obl(DebugSymbols.obs)
28   FOLDER_DESKTOP                                     isrt.obl(DebugSymbols.obs)
29   FOLDER_DOTNET_10                                   isrt.obl(DebugSymbols.obs)
30   FOLDER_DOTNET_11                                   isrt.obl(DebugSymbols.obs)
31   FOLDER_DOTNET_20                                   isrt.obl(DebugSymbols.obs)
32   FOLDER_FONTS                                       isrt.obl(DebugSymbols.obs)
33   FOLDER_LOCAL_APPDATA                               isrt.obl(DebugSymbols.obs)
34   FOLDER_PERSONAL                                    isrt.obl(DebugSymbols.obs)
35   FOLDER_PROGRAMS                                    isrt.obl(DebugSymbols.obs)
36   FOLDER_STARTMENU                                   isrt.obl(DebugSymbols.obs)
37   FOLDER_STARTUP                                     isrt.obl(DebugSymbols.obs)
38   FOLDER_TEMP                                        isrt.obl(DebugSymbols.obs)
39   FileRegistrar                                      Setup.obs
40   HKEYCURRENTROOTKEY                                 Setup.obs
41   IFX_COMPANY_NAME                                   Setup.obs
42   IFX_DISK1INSTALLED                                 Setup.obs
43   IFX_INITIALIZED                                    Setup.obs
44   IFX_INSTALLED_DISPLAY_VERSION                      Setup.obs
45   IFX_INSTALLED_VERSION                              Setup.obs
46   IFX_KEYPATH_PRODUCT_INFO                           Setup.obs
47   IFX_MULTI_INSTANCE_SUFFIX                          Setup.obs
48   IFX_PRODUCT_COMMENTS                               Setup.obs
49   IFX_PRODUCT_DISPLAY_NAME                           Setup.obs
50   IFX_PRODUCT_DISPLAY_VERSION                        Setup.obs
51   IFX_PRODUCT_ICON                                   Setup.obs
52   IFX_PRODUCT_KEY                                    Setup.obs
53   IFX_PRODUCT_NAME                                   Setup.obs
54   IFX_PRODUCT_README                                 Setup.obs
55   IFX_PRODUCT_REGISTEREDCOMPANY                      Setup.obs
56   IFX_PRODUCT_REGISTEREDOWNER                        Setup.obs
57   IFX_PRODUCT_REGISTEREDSERIALNUM                    Setup.obs
58   IFX_PRODUCT_SUPPORT_CONTACT                        Setup.obs
59   IFX_PRODUCT_SUPPORT_PHONE                          Setup.obs
60   IFX_PRODUCT_SUPPORT_URL                            Setup.obs
61   IFX_PRODUCT_UPDATE_URL                             Setup.obs
62   IFX_PRODUCT_URL                                    Setup.obs
63   IFX_PRODUCT_VERSION                                Setup.obs
64   IFX_SETUP_TITLE                                    Setup.obs
65   IFX_SUPPORTED_VERSIONS                             Setup.obs
66   IISROOTFOLDER                                      isrt.obl(DebugSymbols.obs)
67   INSTALLSCRIPTMSI                                   isrt.obl(DebugSymbols.obs)
68   INSTANCE_GUID                                      isrt.obl(DebugSymbols.obs)
69   ISDIFXAPPID                                        Setup.obs
70   ISRES                                              isrt.obl(DebugSymbols.obs)
71   ISUSER                                             isrt.obl(DebugSymbols.obs)
72   ISUTIL_FUNCTION_ACTUAL_ERROR                       Setup.obs
73   ISUTIL_LINE_NUMBER                                 Setup.obs
74   ISUTIL_SCRIPT_FILE                                 Setup.obs
75   ISVERSION                                          isrt.obl(DebugSymbols.obs)
76   InetSRCDIR                                         Setup.obs
77   LAAW_PARAMETERS                                    Setup.obs
78   LAAW_PROCESS_INFORMATION                           Setup.obs
79   LAAW_STARTUPINFO                                   Setup.obs
80   LAST_RESULT                                        Setup.obs
81   LogDB                                              Setup.obs
82   MAINTENANCE                                        isrt.obl(DebugSymbols.obs)
83   MAINT_OPTION                                       isrt.obl(DebugSymbols.obs)
84   MEDIA                                              Setup.obs
85   MEDIA_INFO                                         isrt.obl(Feature.obs)
86   MODE                                               Setup.obs
87   MSG                                                Setup.obs
88   MULTI_INSTANCE_COUNT                               isrt.obl(DebugSymbols.obs)
89   MainWindow                                         Setup.obs
90   NOTHING                                            Setup.obs
91   OSINFO_PLATFORM_INFO                               Setup.obs
92   OSINFO_PROCESSOR_INFO                              Setup.obs
93   OSVERSIONINFO                                      Setup.obs
94   OSVERSIONINFOEX                                    Setup.obs
95   Objects                                            Setup.obs
96   PACKAGE_LOCATION                                   isrt.obl(DebugSymbols.obs)
97   POINT                                              Setup.obs
98   PRIVILEGED                                         Setup.obs
99   PROCESS_INFORMATION                                Setup.obs
100  PRODUCT_GUID                                       isrt.obl(DebugSymbols.obs)
101  PROGRAMFILES                                       isrt.obl(DebugSymbols.obs)
102  PROGRAMFILES64                                     isrt.obl(DebugSymbols.obs)
103  RECT                                               Setup.obs
104  REGDB_OPTIONS                                      Setup.obs
105  REINSTALLMODE                                      isrt.obl(DebugSymbols.obs)
106  REMOVEALLMODE                                      isrt.obl(DebugSymbols.obs)
107  REMOVEONLY                                         isrt.obl(DebugSymbols.obs)
108  RUN_ONCE_PROGRAM                                   isrt.obl(DebugSymbols.obs)
109  Reboot                                             Setup.obs
110  SELECTED_LANGUAGE                                  isrt.obl(DebugSymbols.obs)
111  SERVICE_IS_PARAMS                                  Setup.obs
112  SETUPTYPE_STR_COMPACT                              Setup.obs
113  SETUPTYPE_STR_COMPLETE                             Setup.obs
114  SETUPTYPE_STR_CUSTOM                               Setup.obs
115  SETUPTYPE_STR_TYPICAL                              Setup.obs
116  SHELL_OBJECT_FOLDER                                Setup.obs
117  SHOW_PASSWORD_DIALOG                               isrt.obl(DebugSymbols.obs)
118  SRCDIR                                             Setup.obs
119  SRCDISK                                            isrt.obl(DebugSymbols.obs)
120  STARTUPINFO                                        Setup.obs
121  SUPPORTDIR                                         isrt.obl(DebugSymbols.obs)
122  SYSTEMTIME                                         Setup.obs
123  SetupInfo                                          Setup.obs
124  StatusDlg                                          Setup.obs
125  TARGETDIR                                          Setup.obs
126  TARGETDISK                                         isrt.obl(DebugSymbols.obs)
127  TextSub                                            Setup.obs
128  UNINST                                             Setup.obs
129  UNINSTALLKEY                                       Setup.obs
130  UNINSTALL_DISPLAYNAME                              Setup.obs
131  UNINSTALL_STRING                                   Setup.obs
132  UPDATEMODE                                         Setup.obs
133  WINDIR                                             isrt.obl(DebugSymbols.obs)
134  WINDISK                                            isrt.obl(DebugSymbols.obs)
135  WINSYSDIR                                          isrt.obl(DebugSymbols.obs)
136  WINSYSDIR64                                        isrt.obl(DebugSymbols.obs)
137  WINSYSDISK                                         isrt.obl(DebugSymbols.obs)
138  _FONTFILEINFO                                      Setup.obs
139  _INT64                                             Setup.obs
140  _ISDIFXINSTALLERINFO                               isrt.obl(ISDIFx.obs)
141  _LAAW_PARAMETERS                                   Setup.obs
142  _LAAW_TEMP_DATA                                    isrt.obl(Extend.obs)
143  _RESTOREINFO_                                      Setup.obs
144  _RESTOREPTINFO                                     Setup.obs
145  _SERVICE_IS_PARAMS                                 Setup.obs
146  _SMGRSTATUS                                        Setup.obs
147  _SMGSTATUS_                                        Setup.obs
148  _WIN9X                                             Setup.obs
149  _WINNT                                             Setup.obs
150  __SYSTEMINFORMATION                                Setup.obs
151  __SYSTEMPROCESSORINFORMATION                       Setup.obs
152  __hContext                                         isrt.obl(Activation.obs)
153  __objGlobalTextSub                                 Setup.obs
154  __szGUID                                           isrt.obl(ISRTInit.obs)
155  bBackButton                                        Setup.obs
156  bCancelButton                                      Setup.obs
157  bEnterDiskBeep                                     isrt.obl(AskDestPathDlg.obs)
158  bFinishButton                                      Setup.obs
159  bIFXLFNoToAll                                      Setup.obs
160  bIFXLFOnRebootToAll                                Setup.obs
161  bIFXLFYesToAll                                     Setup.obs
162  bIFXMD5IgnoreToAll                                 Setup.obs
163  bIFXRONoToAll                                      Setup.obs
164  bIFXROYesToAll                                     Setup.obs
165  bIFXSFNoToAll                                      Setup.obs
166  bIFXSFYesToAll                                     Setup.obs
167  bIfxPCHInitialized                                 Setup.obs
168  bIfxPCHOn                                          Setup.obs
169  bInstall16                                         Setup.obs
170  bNextButton                                        Setup.obs
171  bSdInit                                            Setup.obs
172  bViewCmptKunits                                    Setup.obs
173  bViewCmptUseDecimal                                Setup.obs
174  g_bSuppressMissingStringWarning                    isrt.obl(Enable.obs)
175  nIfxPCHType                                        Setup.obs
176  szAppKey                                           Setup.obs
177  szSdProduct                                        Setup.obs
178  szSdStr_NotEnoughSpace                             Setup.obs
